 ┃
 ┃ What's 2+2?
 ┃

    root


   2 + 2 equals 4.



























 ──────────────────────────────────────────────────────────────────────────────────────────────────────────────────────

   Type your message here…

 Ctrl+h help  Ctrl+k commands  Ctrl+j newline  Ctrl+c quit                               │ + new tab  docker agent test