 ┃
 ┃ What's 2+2?
 ┃

    root


   2 + 2 equals 4.


























 ──────────────────────────────────────────────────────────────────────────────────────────────────────────────────────
  ▎  R  Simple Math: Ad… ×  +

   Type your message here…

  ▄▄▄▄▄▄▄▄▄▄▄▄▄▄▄▄▄▄▄▄▄▄▄▄▄▄▄▄▄▄▄▄▄▄▄▄▄▄▄▄▄▄▄▄▄▄▄▄▄▄▄▄▄▄▄▄▄▄▄▄▄▄▄▄▄▄▄▄▄▄▄▄▄▄▄▄▄▄▄▄▄▄▄▄▄▄▄▄▄▄▄▄▄▄▄▄▄▄▄▄▄▄▄▄▄ Context 0%